Archive member included to satisfy reference by file (symbol)

/usr/lib/gcc/arm-none-eabi/14.2.0/thumb/v6-m/nofp/libgcc.a(_thumb1_case_sqi.o)
                              /tmp/ccjAKcPw.ltrans0.ltrans.o (__gnu_thumb1_case_sqi)
/usr/lib/gcc/arm-none-eabi/14.2.0/thumb/v6-m/nofp/libgcc.a(_thumb1_case_uqi.o)
                              /tmp/ccjAKcPw.ltrans0.ltrans.o (__gnu_thumb1_case_uqi)
/usr/lib/gcc/arm-none-eabi/14.2.0/thumb/v6-m/nofp/libgcc.a(_thumb1_case_shi.o)
                              /tmp/ccjAKcPw.ltrans0.ltrans.o (__gnu_thumb1_case_shi)
/usr/lib/gcc/arm-none-eabi/14.2.0/thumb/v6-m/nofp/libgcc.a(_udivsi3.o)
                              /tmp/ccjAKcPw.ltrans0.ltrans.o (__aeabi_uidiv)
/usr/lib/gcc/arm-none-eabi/14.2.0/thumb/v6-m/nofp/libgcc.a(_dvmd_tls.o)
                              /usr/lib/gcc/arm-none-eabi/14.2.0/thumb/v6-m/nofp/libgcc.a(_udivsi3.o) (__aeabi_idiv0)
/usr/lib/gcc/arm-none-eabi/14.2.0/../../../../arm-none-eabi/lib/thumb/v6-m/nofp/libc_nano.a(libc_a-memset.o)
                              /tmp/ccjAKcPw.ltrans0.ltrans.o (memset)

Discarded input sections

 .data          0x00000000        0x0 /usr/lib/gcc/arm-none-eabi/14.2.0/thumb/v6-m/nofp/libgcc.a(_thumb1_case_sqi.o)
 .bss           0x00000000        0x0 /usr/lib/gcc/arm-none-eabi/14.2.0/thumb/v6-m/nofp/libgcc.a(_thumb1_case_sqi.o)
 .data          0x00000000        0x0 /usr/lib/gcc/arm-none-eabi/14.2.0/thumb/v6-m/nofp/libgcc.a(_thumb1_case_uqi.o)
 .bss           0x00000000        0x0 /usr/lib/gcc/arm-none-eabi/14.2.0/thumb/v6-m/nofp/libgcc.a(_thumb1_case_uqi.o)
 .data          0x00000000        0x0 /usr/lib/gcc/arm-none-eabi/14.2.0/thumb/v6-m/nofp/libgcc.a(_thumb1_case_shi.o)
 .bss           0x00000000        0x0 /usr/lib/gcc/arm-none-eabi/14.2.0/thumb/v6-m/nofp/libgcc.a(_thumb1_case_shi.o)
 .data          0x00000000        0x0 /usr/lib/gcc/arm-none-eabi/14.2.0/thumb/v6-m/nofp/libgcc.a(_udivsi3.o)
 .bss           0x00000000        0x0 /usr/lib/gcc/arm-none-eabi/14.2.0/thumb/v6-m/nofp/libgcc.a(_udivsi3.o)
 .data          0x00000000        0x0 /usr/lib/gcc/arm-none-eabi/14.2.0/thumb/v6-m/nofp/libgcc.a(_dvmd_tls.o)
 .bss           0x00000000        0x0 /usr/lib/gcc/arm-none-eabi/14.2.0/thumb/v6-m/nofp/libgcc.a(_dvmd_tls.o)
 .text          0x00000000        0x0 /usr/lib/gcc/arm-none-eabi/14.2.0/../../../../arm-none-eabi/lib/thumb/v6-m/nofp/libc_nano.a(libc_a-memset.o)
 .data          0x00000000        0x0 /usr/lib/gcc/arm-none-eabi/14.2.0/../../../../arm-none-eabi/lib/thumb/v6-m/nofp/libc_nano.a(libc_a-memset.o)
 .bss           0x00000000        0x0 /usr/lib/gcc/arm-none-eabi/14.2.0/../../../../arm-none-eabi/lib/thumb/v6-m/nofp/libc_nano.a(libc_a-memset.o)
 .data          0x00000000        0x0 User/startup_NUC123_user.o
 .bss           0x00000000        0x0 User/startup_NUC123_user.o

Memory Configuration

Name             Origin             Length             Attributes
LDROM            0x00100000         0x00001000         xr
SRAM             0x20000000         0x00003000         xrw
*default*        0x00000000         0xffffffff

Linker script and memory map

LOAD CMSIS/system_NUC123.o
LOAD /tmp/ccjAKcPw.ltrans0.ltrans.o
LOAD Library/clk.o
LOAD Library/sys.o
LOAD User/descriptors.o
LOAD User/dfu_transfer.o
LOAD User/fmc_user.o
LOAD User/usbd_user.o
LOAD User/main.o
LOAD User/startup_NUC123_user.o
START GROUP
LOAD /usr/lib/gcc/arm-none-eabi/14.2.0/thumb/v6-m/nofp/libgcc.a
LOAD /usr/lib/gcc/arm-none-eabi/14.2.0/../../../../arm-none-eabi/lib/thumb/v6-m/nofp/libc_nano.a
END GROUP
START GROUP
LOAD /usr/lib/gcc/arm-none-eabi/14.2.0/thumb/v6-m/nofp/libgcc.a
LOAD /usr/lib/gcc/arm-none-eabi/14.2.0/../../../../arm-none-eabi/lib/thumb/v6-m/nofp/libc_nano.a
LOAD /usr/lib/gcc/arm-none-eabi/14.2.0/../../../../arm-none-eabi/lib/thumb/v6-m/nofp/libnosys.a
END GROUP
START GROUP
LOAD /usr/lib/gcc/arm-none-eabi/14.2.0/thumb/v6-m/nofp/libgcc.a
LOAD /usr/lib/gcc/arm-none-eabi/14.2.0/../../../../arm-none-eabi/lib/thumb/v6-m/nofp/libc_nano.a
LOAD /usr/lib/gcc/arm-none-eabi/14.2.0/../../../../arm-none-eabi/lib/thumb/v6-m/nofp/libnosys.a
END GROUP

.text           0x00100000      0xdd0
 *(.isr_vector)
 .isr_vector    0x00100000       0xbc User/startup_NUC123_user.o
                0x00100000                __Vectors
 *(.text*)
 .text          0x001000bc      0x874 /tmp/ccjAKcPw.ltrans0.ltrans.o
                0x001004b4                SystemInit
                0x001004b6                USBD_IRQHandler
 .text.startup  0x00100930      0x2c8 /tmp/ccjAKcPw.ltrans0.ltrans.o
                0x00100930                main
 .text          0x00100bf8       0x14 /usr/lib/gcc/arm-none-eabi/14.2.0/thumb/v6-m/nofp/libgcc.a(_thumb1_case_sqi.o)
                0x00100bf8                __gnu_thumb1_case_sqi
 .text          0x00100c0c       0x14 /usr/lib/gcc/arm-none-eabi/14.2.0/thumb/v6-m/nofp/libgcc.a(_thumb1_case_uqi.o)
                0x00100c0c                __gnu_thumb1_case_uqi
 .text          0x00100c20       0x14 /usr/lib/gcc/arm-none-eabi/14.2.0/thumb/v6-m/nofp/libgcc.a(_thumb1_case_shi.o)
                0x00100c20                __gnu_thumb1_case_shi
 .text          0x00100c34       0x8c /usr/lib/gcc/arm-none-eabi/14.2.0/thumb/v6-m/nofp/libgcc.a(_udivsi3.o)
                0x00100c34                __udivsi3
                0x00100c34                __aeabi_uidiv
                0x00100cac                __aeabi_uidivmod
 .text          0x00100cc0        0x4 /usr/lib/gcc/arm-none-eabi/14.2.0/thumb/v6-m/nofp/libgcc.a(_dvmd_tls.o)
                0x00100cc0                __aeabi_ldiv0
                0x00100cc0                __aeabi_idiv0
 .text.memset   0x00100cc4       0x10 /usr/lib/gcc/arm-none-eabi/14.2.0/../../../../arm-none-eabi/lib/thumb/v6-m/nofp/libc_nano.a(libc_a-memset.o)
                0x00100cc4                memset
 .text          0x00100cd4       0x6c User/startup_NUC123_user.o
                0x00100cd4                Reset_Handler
                0x00100d1c                GPCDF_IRQHandler
                0x00100d1c                I2C0_IRQHandler
                0x00100d1c                HardFault_Handler
                0x00100d1c                SysTick_Handler
                0x00100d1c                PendSV_Handler
                0x00100d1c                NMI_Handler
                0x00100d1c                I2C1_IRQHandler
                0x00100d1c                UART1_IRQHandler
                0x00100d1c                PS2_IRQHandler
                0x00100d1c                CAN1_IRQHandler
                0x00100d1c                UART0_IRQHandler
                0x00100d1c                SPI1_IRQHandler
                0x00100d1c                TMR0_IRQHandler
                0x00100d1c                IRC_IRQHandler
                0x00100d1c                I2S_IRQHandler
                0x00100d1c                PWRWU_IRQHandler
                0x00100d1c                EINT1_IRQHandler
                0x00100d1c                PWMA_IRQHandler
                0x00100d1c                Default_Handler
                0x00100d1c                ADC_IRQHandler
                0x00100d1c                TMR2_IRQHandler
                0x00100d1c                BOD_IRQHandler
                0x00100d1c                SPI2_IRQHandler
                0x00100d1c                WDT_IRQHandler
                0x00100d1c                SVC_Handler
                0x00100d1c                PDMA_IRQHandler
                0x00100d1c                GPAB_IRQHandler
                0x00100d1c                EINT0_IRQHandler
                0x00100d1c                CAN0_IRQHandler
                0x00100d1c                TMR3_IRQHandler
                0x00100d1c                SPI0_IRQHandler
                0x00100d1c                TMR1_IRQHandler
 *(.rodata*)
 .rodata        0x00100d40       0x8f /tmp/ccjAKcPw.ltrans0.ltrans.o
                0x00100d78                g_ldrom_build_tag
                0x00100dd0                        . = ALIGN (0x4)
 *fill*         0x00100dcf        0x1 
                0x00100dd0                        _etext = .

.glue_7         0x00100dd0        0x0
 .glue_7        0x00100dd0        0x0 linker stubs

.glue_7t        0x00100dd0        0x0
 .glue_7t       0x00100dd0        0x0 linker stubs

.vfp11_veneer   0x00100dd0        0x0
 .vfp11_veneer  0x00100dd0        0x0 linker stubs

.v4_bx          0x00100dd0        0x0
 .v4_bx         0x00100dd0        0x0 linker stubs

.iplt           0x00100dd0        0x0
 .iplt          0x00100dd0        0x0 User/startup_NUC123_user.o

.rel.dyn        0x00100dd0        0x0
 .rel.iplt      0x00100dd0        0x0 User/startup_NUC123_user.o

.stack          0x20000000      0x800
                0x20000000                        . = ALIGN (0x8)
 *(.stack)
 .stack         0x20000000      0x800 User/startup_NUC123_user.o
                0x20000800                __initial_sp
                0x20000800                        . = ALIGN (0x8)

.data           0x20000800       0x18 load address 0x00100dd0
                0x20000800                        _sdata = .
 *(.data*)
 .data          0x20000800       0x18 /tmp/ccjAKcPw.ltrans0.ltrans.o
                0x20000818                        . = ALIGN (0x4)
                0x20000818                        _edata = .
                0x00100dd0                        _sidata = LOADADDR (.data)

.igot.plt       0x20000818        0x0 load address 0x00100de8
 .igot.plt      0x20000818        0x0 User/startup_NUC123_user.o

.bss            0x20000818       0xa4 load address 0x00100de8
                0x20000818                        _sbss = .
 *(.bss*)
 .bss           0x20000818       0xa2 /tmp/ccjAKcPw.ltrans0.ltrans.o
 *(COMMON)
                0x200008bc                        . = ALIGN (0x4)
 *fill*         0x200008ba        0x2 
                0x200008bc                        _ebss = .
                0x00000001                        ASSERT ((_sdata >= __initial_sp), SRAM: .data overlaps stack)
                0x00000001                        ASSERT ((_ebss <= (ORIGIN (SRAM) + LENGTH (SRAM))), SRAM overflow)

/DISCARD/
 *(.ARM.exidx*)
OUTPUT(nuc123-dfu-bootloader.elf elf32-littlearm)
LOAD linker stubs

.comment        0x00000000       0x1e
 .comment       0x00000000       0x1e /tmp/ccjAKcPw.ltrans0.ltrans.o
                                 0x1f (size before relaxing)
 .comment       0x0000001e       0x1f /usr/lib/gcc/arm-none-eabi/14.2.0/../../../../arm-none-eabi/lib/thumb/v6-m/nofp/libc_nano.a(libc_a-memset.o)

.ARM.attributes
                0x00000000       0x2a
 .ARM.attributes
                0x00000000       0x2a /tmp/ccjAKcPw.ltrans0.ltrans.o
 .ARM.attributes
                0x0000002a       0x1e /usr/lib/gcc/arm-none-eabi/14.2.0/thumb/v6-m/nofp/libgcc.a(_thumb1_case_sqi.o)
 .ARM.attributes
                0x00000048       0x1e /usr/lib/gcc/arm-none-eabi/14.2.0/thumb/v6-m/nofp/libgcc.a(_thumb1_case_uqi.o)
 .ARM.attributes
                0x00000066       0x1e /usr/lib/gcc/arm-none-eabi/14.2.0/thumb/v6-m/nofp/libgcc.a(_thumb1_case_shi.o)
 .ARM.attributes
                0x00000084       0x1e /usr/lib/gcc/arm-none-eabi/14.2.0/thumb/v6-m/nofp/libgcc.a(_udivsi3.o)
 .ARM.attributes
                0x000000a2       0x1e /usr/lib/gcc/arm-none-eabi/14.2.0/thumb/v6-m/nofp/libgcc.a(_dvmd_tls.o)
 .ARM.attributes
                0x000000c0       0x2c /usr/lib/gcc/arm-none-eabi/14.2.0/../../../../arm-none-eabi/lib/thumb/v6-m/nofp/libc_nano.a(libc_a-memset.o)
 .ARM.attributes
                0x000000ec       0x21 User/startup_NUC123_user.o

.heap           0x00000000        0x0
 .heap          0x00000000        0x0 User/startup_NUC123_user.o

.debug_line     0x00000000      0x2bf
 .debug_line    0x00000000       0x52 /usr/lib/gcc/arm-none-eabi/14.2.0/thumb/v6-m/nofp/libgcc.a(_thumb1_case_sqi.o)
 .debug_line    0x00000052       0x52 /usr/lib/gcc/arm-none-eabi/14.2.0/thumb/v6-m/nofp/libgcc.a(_thumb1_case_uqi.o)
 .debug_line    0x000000a4       0x53 /usr/lib/gcc/arm-none-eabi/14.2.0/thumb/v6-m/nofp/libgcc.a(_thumb1_case_shi.o)
 .debug_line    0x000000f7       0x61 /usr/lib/gcc/arm-none-eabi/14.2.0/thumb/v6-m/nofp/libgcc.a(_udivsi3.o)
 .debug_line    0x00000158       0x4a /usr/lib/gcc/arm-none-eabi/14.2.0/thumb/v6-m/nofp/libgcc.a(_dvmd_tls.o)
 .debug_line    0x000001a2      0x11d /usr/lib/gcc/arm-none-eabi/14.2.0/../../../../arm-none-eabi/lib/thumb/v6-m/nofp/libc_nano.a(libc_a-memset.o)

.debug_line_str
                0x00000000       0x74
 .debug_line_str
                0x00000000       0x74 /usr/lib/gcc/arm-none-eabi/14.2.0/thumb/v6-m/nofp/libgcc.a(_thumb1_case_sqi.o)
 .debug_line_str
                0x00000074       0x74 /usr/lib/gcc/arm-none-eabi/14.2.0/thumb/v6-m/nofp/libgcc.a(_thumb1_case_uqi.o)
 .debug_line_str
                0x00000074       0x74 /usr/lib/gcc/arm-none-eabi/14.2.0/thumb/v6-m/nofp/libgcc.a(_thumb1_case_shi.o)
 .debug_line_str
                0x00000074       0x74 /usr/lib/gcc/arm-none-eabi/14.2.0/thumb/v6-m/nofp/libgcc.a(_udivsi3.o)
 .debug_line_str
                0x00000074       0x74 /usr/lib/gcc/arm-none-eabi/14.2.0/thumb/v6-m/nofp/libgcc.a(_dvmd_tls.o)

.debug_info     0x00000000      0x1ec
 .debug_info    0x00000000       0x31 /usr/lib/gcc/arm-none-eabi/14.2.0/thumb/v6-m/nofp/libgcc.a(_thumb1_case_sqi.o)
 .debug_info    0x00000031       0x31 /usr/lib/gcc/arm-none-eabi/14.2.0/thumb/v6-m/nofp/libgcc.a(_thumb1_case_uqi.o)
 .debug_info    0x00000062       0x31 /usr/lib/gcc/arm-none-eabi/14.2.0/thumb/v6-m/nofp/libgcc.a(_thumb1_case_shi.o)
 .debug_info    0x00000093       0x3d /usr/lib/gcc/arm-none-eabi/14.2.0/thumb/v6-m/nofp/libgcc.a(_udivsi3.o)
 .debug_info    0x000000d0       0x3c /usr/lib/gcc/arm-none-eabi/14.2.0/thumb/v6-m/nofp/libgcc.a(_dvmd_tls.o)
 .debug_info    0x0000010c       0xe0 /usr/lib/gcc/arm-none-eabi/14.2.0/../../../../arm-none-eabi/lib/thumb/v6-m/nofp/libc_nano.a(libc_a-memset.o)

.debug_abbrev   0x00000000      0x164
 .debug_abbrev  0x00000000       0x28 /usr/lib/gcc/arm-none-eabi/14.2.0/thumb/v6-m/nofp/libgcc.a(_thumb1_case_sqi.o)
 .debug_abbrev  0x00000028       0x28 /usr/lib/gcc/arm-none-eabi/14.2.0/thumb/v6-m/nofp/libgcc.a(_thumb1_case_uqi.o)
 .debug_abbrev  0x00000050       0x28 /usr/lib/gcc/arm-none-eabi/14.2.0/thumb/v6-m/nofp/libgcc.a(_thumb1_case_shi.o)
 .debug_abbrev  0x00000078       0x28 /usr/lib/gcc/arm-none-eabi/14.2.0/thumb/v6-m/nofp/libgcc.a(_udivsi3.o)
 .debug_abbrev  0x000000a0       0x26 /usr/lib/gcc/arm-none-eabi/14.2.0/thumb/v6-m/nofp/libgcc.a(_dvmd_tls.o)
 .debug_abbrev  0x000000c6       0x9e /usr/lib/gcc/arm-none-eabi/14.2.0/../../../../arm-none-eabi/lib/thumb/v6-m/nofp/libc_nano.a(libc_a-memset.o)

.debug_aranges  0x00000000       0xc0
 .debug_aranges
                0x00000000       0x20 /usr/lib/gcc/arm-none-eabi/14.2.0/thumb/v6-m/nofp/libgcc.a(_thumb1_case_sqi.o)
 .debug_aranges
                0x00000020       0x20 /usr/lib/gcc/arm-none-eabi/14.2.0/thumb/v6-m/nofp/libgcc.a(_thumb1_case_uqi.o)
 .debug_aranges
                0x00000040       0x20 /usr/lib/gcc/arm-none-eabi/14.2.0/thumb/v6-m/nofp/libgcc.a(_thumb1_case_shi.o)
 .debug_aranges
                0x00000060       0x20 /usr/lib/gcc/arm-none-eabi/14.2.0/thumb/v6-m/nofp/libgcc.a(_udivsi3.o)
 .debug_aranges
                0x00000080       0x20 /usr/lib/gcc/arm-none-eabi/14.2.0/thumb/v6-m/nofp/libgcc.a(_dvmd_tls.o)
 .debug_aranges
                0x000000a0       0x20 /usr/lib/gcc/arm-none-eabi/14.2.0/../../../../arm-none-eabi/lib/thumb/v6-m/nofp/libc_nano.a(libc_a-memset.o)

.debug_str      0x00000000      0x278
 .debug_str     0x00000000      0x278 /usr/lib/gcc/arm-none-eabi/14.2.0/thumb/v6-m/nofp/libgcc.a(_thumb1_case_sqi.o)
                                 0x96 (size before relaxing)
 .debug_str     0x00000278       0x96 /usr/lib/gcc/arm-none-eabi/14.2.0/thumb/v6-m/nofp/libgcc.a(_thumb1_case_uqi.o)
 .debug_str     0x00000278       0x96 /usr/lib/gcc/arm-none-eabi/14.2.0/thumb/v6-m/nofp/libgcc.a(_thumb1_case_shi.o)
 .debug_str     0x00000278       0x9b /usr/lib/gcc/arm-none-eabi/14.2.0/thumb/v6-m/nofp/libgcc.a(_udivsi3.o)
 .debug_str     0x00000278       0x9c /usr/lib/gcc/arm-none-eabi/14.2.0/thumb/v6-m/nofp/libgcc.a(_dvmd_tls.o)
 .debug_str     0x00000278      0x1b8 /usr/lib/gcc/arm-none-eabi/14.2.0/../../../../arm-none-eabi/lib/thumb/v6-m/nofp/libc_nano.a(libc_a-memset.o)

.debug_frame    0x00000000       0x40
 .debug_frame   0x00000000       0x20 /usr/lib/gcc/arm-none-eabi/14.2.0/thumb/v6-m/nofp/libgcc.a(_udivsi3.o)
 .debug_frame   0x00000020       0x20 /usr/lib/gcc/arm-none-eabi/14.2.0/../../../../arm-none-eabi/lib/thumb/v6-m/nofp/libc_nano.a(libc_a-memset.o)

.debug_loclists
                0x00000000       0x80
 .debug_loclists
                0x00000000       0x80 /usr/lib/gcc/arm-none-eabi/14.2.0/../../../../arm-none-eabi/lib/thumb/v6-m/nofp/libc_nano.a(libc_a-memset.o)

.debug_rnglists
                0x00000000       0x13
 .debug_rnglists
                0x00000000       0x13 /usr/lib/gcc/arm-none-eabi/14.2.0/../../../../arm-none-eabi/lib/thumb/v6-m/nofp/libc_nano.a(libc_a-memset.o)
