Archive member included to satisfy reference by file (symbol)

/usr/lib/gcc/arm-none-eabi/14.2.0/thumb/v6-m/nofp/libgcc.a(_thumb1_case_sqi.o)
                              /tmp/ccMxprlX.ltrans0.ltrans.o (__gnu_thumb1_case_sqi)
/usr/lib/gcc/arm-none-eabi/14.2.0/thumb/v6-m/nofp/libgcc.a(_udivsi3.o)
                              /tmp/ccMxprlX.ltrans0.ltrans.o (__aeabi_uidiv)
/usr/lib/gcc/arm-none-eabi/14.2.0/thumb/v6-m/nofp/libgcc.a(_dvmd_tls.o)
                              /usr/lib/gcc/arm-none-eabi/14.2.0/thumb/v6-m/nofp/libgcc.a(_udivsi3.o) (__aeabi_idiv0)
/usr/lib/gcc/arm-none-eabi/14.2.0/../../../../arm-none-eabi/lib/thumb/v6-m/nofp/libc_nano.a(libc_a-memset.o)
                              /tmp/ccMxprlX.ltrans0.ltrans.o (memset)

Discarded input sections

 .data          0x00000000        0x0 /usr/lib/gcc/arm-none-eabi/14.2.0/thumb/v6-m/nofp/libgcc.a(_thumb1_case_sqi.o)
 .bss           0x00000000        0x0 /usr/lib/gcc/arm-none-eabi/14.2.0/thumb/v6-m/nofp/libgcc.a(_thumb1_case_sqi.o)
 .data          0x00000000        0x0 /usr/lib/gcc/arm-none-eabi/14.2.0/thumb/v6-m/nofp/libgcc.a(_udivsi3.o)
 .bss           0x00000000        0x0 /usr/lib/gcc/arm-none-eabi/14.2.0/thumb/v6-m/nofp/libgcc.a(_udivsi3.o)
 .data          0x00000000        0x0 /usr/lib/gcc/arm-none-eabi/14.2.0/thumb/v6-m/nofp/libgcc.a(_dvmd_tls.o)
 .bss           0x00000000        0x0 /usr/lib/gcc/arm-none-eabi/14.2.0/thumb/v6-m/nofp/libgcc.a(_dvmd_tls.o)
 .text          0x00000000        0x0 /usr/lib/gcc/arm-none-eabi/14.2.0/../../../../arm-none-eabi/lib/thumb/v6-m/nofp/libc_nano.a(libc_a-memset.o)
 .data          0x00000000        0x0 /usr/lib/gcc/arm-none-eabi/14.2.0/../../../../arm-none-eabi/lib/thumb/v6-m/nofp/libc_nano.a(libc_a-memset.o)
 .bss           0x00000000        0x0 /usr/lib/gcc/arm-none-eabi/14.2.0/../../../../arm-none-eabi/lib/thumb/v6-m/nofp/libc_nano.a(libc_a-memset.o)
 .data          0x00000000        0x0 User/startup_NUC123_user.o
 .bss           0x00000000        0x0 User/startup_NUC123_user.o

Memory Configuration

Name             Origin             Length             Attributes
LDROM            0x00100000         0x00001000         xr
SRAM             0x20000000         0x00003000         xrw
*default*        0x00000000         0xffffffff

Linker script and memory map

LOAD CMSIS/system_NUC123.o
LOAD /tmp/ccMxprlX.ltrans0.ltrans.o
LOAD Library/clk.o
LOAD Library/sys.o
LOAD User/descriptors.o
LOAD User/dfu_transfer.o
LOAD User/fmc_user.o
LOAD User/usbd_user.o
LOAD User/main.o
LOAD User/startup_NUC123_user.o
START GROUP
LOAD /usr/lib/gcc/arm-none-eabi/14.2.0/thumb/v6-m/nofp/libgcc.a
LOAD /usr/lib/gcc/arm-none-eabi/14.2.0/../../../../arm-none-eabi/lib/thumb/v6-m/nofp/libc_nano.a
END GROUP
START GROUP
LOAD /usr/lib/gcc/arm-none-eabi/14.2.0/thumb/v6-m/nofp/libgcc.a
LOAD /usr/lib/gcc/arm-none-eabi/14.2.0/../../../../arm-none-eabi/lib/thumb/v6-m/nofp/libc_nano.a
LOAD /usr/lib/gcc/arm-none-eabi/14.2.0/../../../../arm-none-eabi/lib/thumb/v6-m/nofp/libnosys.a
END GROUP
START GROUP
LOAD /usr/lib/gcc/arm-none-eabi/14.2.0/thumb/v6-m/nofp/libgcc.a
LOAD /usr/lib/gcc/arm-none-eabi/14.2.0/../../../../arm-none-eabi/lib/thumb/v6-m/nofp/libc_nano.a
LOAD /usr/lib/gcc/arm-none-eabi/14.2.0/../../../../arm-none-eabi/lib/thumb/v6-m/nofp/libnosys.a
END GROUP

.text           0x00100000      0xd10
 *(.isr_vector)
 .isr_vector    0x00100000       0xbc User/startup_NUC123_user.o
                0x00100000                __Vectors
 *(.text*)
 .text          0x001000bc      0x7cc /tmp/ccMxprlX.ltrans0.ltrans.o
                0x001004a0                SystemInit
                0x001004a2                USBD_IRQHandler
 .text.startup  0x00100888      0x2dc /tmp/ccMxprlX.ltrans0.ltrans.o
                0x00100888                main
 .text          0x00100b64       0x14 /usr/lib/gcc/arm-none-eabi/14.2.0/thumb/v6-m/nofp/libgcc.a(_thumb1_case_sqi.o)
                0x00100b64                __gnu_thumb1_case_sqi
 .text          0x00100b78       0x8c /usr/lib/gcc/arm-none-eabi/14.2.0/thumb/v6-m/nofp/libgcc.a(_udivsi3.o)
                0x00100b78                __udivsi3
                0x00100b78                __aeabi_uidiv
                0x00100bf0                __aeabi_uidivmod
 .text          0x00100c04        0x4 /usr/lib/gcc/arm-none-eabi/14.2.0/thumb/v6-m/nofp/libgcc.a(_dvmd_tls.o)
                0x00100c04                __aeabi_ldiv0
                0x00100c04                __aeabi_idiv0
 .text.memset   0x00100c08       0x10 /usr/lib/gcc/arm-none-eabi/14.2.0/../../../../arm-none-eabi/lib/thumb/v6-m/nofp/libc_nano.a(libc_a-memset.o)
                0x00100c08                memset
 .text          0x00100c18       0x6c User/startup_NUC123_user.o
                0x00100c18                Reset_Handler
                0x00100c60                GPCDF_IRQHandler
                0x00100c60                I2C0_IRQHandler
                0x00100c60                HardFault_Handler
                0x00100c60                SysTick_Handler
                0x00100c60                PendSV_Handler
                0x00100c60                NMI_Handler
                0x00100c60                I2C1_IRQHandler
                0x00100c60                UART1_IRQHandler
                0x00100c60                PS2_IRQHandler
                0x00100c60                CAN1_IRQHandler
                0x00100c60                UART0_IRQHandler
                0x00100c60                SPI1_IRQHandler
                0x00100c60                TMR0_IRQHandler
                0x00100c60                IRC_IRQHandler
                0x00100c60                I2S_IRQHandler
                0x00100c60                PWRWU_IRQHandler
                0x00100c60                EINT1_IRQHandler
                0x00100c60                PWMA_IRQHandler
                0x00100c60                Default_Handler
                0x00100c60                ADC_IRQHandler
                0x00100c60                TMR2_IRQHandler
                0x00100c60                BOD_IRQHandler
                0x00100c60                SPI2_IRQHandler
                0x00100c60                WDT_IRQHandler
                0x00100c60                SVC_Handler
                0x00100c60                PDMA_IRQHandler
                0x00100c60                GPAB_IRQHandler
                0x00100c60                EINT0_IRQHandler
                0x00100c60                CAN0_IRQHandler
                0x00100c60                TMR3_IRQHandler
                0x00100c60                SPI0_IRQHandler
                0x00100c60                TMR1_IRQHandler
 *(.rodata*)
 .rodata        0x00100c84       0x8b /tmp/ccMxprlX.ltrans0.ltrans.o
                0x00100d10                        . = ALIGN (0x4)
 *fill*         0x00100d0f        0x1 
                0x00100d10                        _etext = .

.glue_7         0x00100d10        0x0
 .glue_7        0x00100d10        0x0 linker stubs

.glue_7t        0x00100d10        0x0
 .glue_7t       0x00100d10        0x0 linker stubs

.vfp11_veneer   0x00100d10        0x0
 .vfp11_veneer  0x00100d10        0x0 linker stubs

.v4_bx          0x00100d10        0x0
 .v4_bx         0x00100d10        0x0 linker stubs

.iplt           0x00100d10        0x0
 .iplt          0x00100d10        0x0 User/startup_NUC123_user.o

.rel.dyn        0x00100d10        0x0
 .rel.iplt      0x00100d10        0x0 User/startup_NUC123_user.o

.stack          0x20000000      0x400
                0x20000000                        . = ALIGN (0x8)
 *(.stack)
 .stack         0x20000000      0x400 User/startup_NUC123_user.o
                0x20000400                __initial_sp
                0x20000400                        . = ALIGN (0x8)

.heap           0x20000000        0x0
 *(.heap)
 .heap          0x20000000        0x0 User/startup_NUC123_user.o

.data           0x20000000       0x18 load address 0x00100d10
                0x20000000                        _sdata = .
 *(.data*)
 .data          0x20000000       0x18 /tmp/ccMxprlX.ltrans0.ltrans.o
                0x20000018                        . = ALIGN (0x4)
                0x20000018                        _edata = .
                0x00100d10                        _sidata = LOADADDR (.data)

.igot.plt       0x20000018        0x0 load address 0x00100d28
 .igot.plt      0x20000018        0x0 User/startup_NUC123_user.o

.bss            0x20000018      0x45c load address 0x00100d28
                0x20000018                        _sbss = .
 *(.bss*)
 .bss           0x20000018      0x45c /tmp/ccMxprlX.ltrans0.ltrans.o
 *(COMMON)
                0x20000474                        . = ALIGN (0x4)
                0x20000474                        _ebss = .

/DISCARD/
 *(.ARM.exidx*)
OUTPUT(nuc123-dfu-bootloader.elf elf32-littlearm)
LOAD linker stubs

.comment        0x00000000       0x1e
 .comment       0x00000000       0x1e /tmp/ccMxprlX.ltrans0.ltrans.o
                                 0x1f (size before relaxing)
 .comment       0x0000001e       0x1f /usr/lib/gcc/arm-none-eabi/14.2.0/../../../../arm-none-eabi/lib/thumb/v6-m/nofp/libc_nano.a(libc_a-memset.o)

.ARM.attributes
                0x00000000       0x2a
 .ARM.attributes
                0x00000000       0x2a /tmp/ccMxprlX.ltrans0.ltrans.o
 .ARM.attributes
                0x0000002a       0x1e /usr/lib/gcc/arm-none-eabi/14.2.0/thumb/v6-m/nofp/libgcc.a(_thumb1_case_sqi.o)
 .ARM.attributes
                0x00000048       0x1e /usr/lib/gcc/arm-none-eabi/14.2.0/thumb/v6-m/nofp/libgcc.a(_udivsi3.o)
 .ARM.attributes
                0x00000066       0x1e /usr/lib/gcc/arm-none-eabi/14.2.0/thumb/v6-m/nofp/libgcc.a(_dvmd_tls.o)
 .ARM.attributes
                0x00000084       0x2c /usr/lib/gcc/arm-none-eabi/14.2.0/../../../../arm-none-eabi/lib/thumb/v6-m/nofp/libc_nano.a(libc_a-memset.o)
 .ARM.attributes
                0x000000b0       0x21 User/startup_NUC123_user.o

.debug_line     0x00000000      0x21a
 .debug_line    0x00000000       0x52 /usr/lib/gcc/arm-none-eabi/14.2.0/thumb/v6-m/nofp/libgcc.a(_thumb1_case_sqi.o)
 .debug_line    0x00000052       0x61 /usr/lib/gcc/arm-none-eabi/14.2.0/thumb/v6-m/nofp/libgcc.a(_udivsi3.o)
 .debug_line    0x000000b3       0x4a /usr/lib/gcc/arm-none-eabi/14.2.0/thumb/v6-m/nofp/libgcc.a(_dvmd_tls.o)
 .debug_line    0x000000fd      0x11d /usr/lib/gcc/arm-none-eabi/14.2.0/../../../../arm-none-eabi/lib/thumb/v6-m/nofp/libc_nano.a(libc_a-memset.o)

.debug_line_str
                0x00000000       0x74
 .debug_line_str
                0x00000000       0x74 /usr/lib/gcc/arm-none-eabi/14.2.0/thumb/v6-m/nofp/libgcc.a(_thumb1_case_sqi.o)
 .debug_line_str
                0x00000074       0x74 /usr/lib/gcc/arm-none-eabi/14.2.0/thumb/v6-m/nofp/libgcc.a(_udivsi3.o)
 .debug_line_str
                0x00000074       0x74 /usr/lib/gcc/arm-none-eabi/14.2.0/thumb/v6-m/nofp/libgcc.a(_dvmd_tls.o)

.debug_info     0x00000000      0x18a
 .debug_info    0x00000000       0x31 /usr/lib/gcc/arm-none-eabi/14.2.0/thumb/v6-m/nofp/libgcc.a(_thumb1_case_sqi.o)
 .debug_info    0x00000031       0x3d /usr/lib/gcc/arm-none-eabi/14.2.0/thumb/v6-m/nofp/libgcc.a(_udivsi3.o)
 .debug_info    0x0000006e       0x3c /usr/lib/gcc/arm-none-eabi/14.2.0/thumb/v6-m/nofp/libgcc.a(_dvmd_tls.o)
 .debug_info    0x000000aa       0xe0 /usr/lib/gcc/arm-none-eabi/14.2.0/../../../../arm-none-eabi/lib/thumb/v6-m/nofp/libc_nano.a(libc_a-memset.o)

.debug_abbrev   0x00000000      0x114
 .debug_abbrev  0x00000000       0x28 /usr/lib/gcc/arm-none-eabi/14.2.0/thumb/v6-m/nofp/libgcc.a(_thumb1_case_sqi.o)
 .debug_abbrev  0x00000028       0x28 /usr/lib/gcc/arm-none-eabi/14.2.0/thumb/v6-m/nofp/libgcc.a(_udivsi3.o)
 .debug_abbrev  0x00000050       0x26 /usr/lib/gcc/arm-none-eabi/14.2.0/thumb/v6-m/nofp/libgcc.a(_dvmd_tls.o)
 .debug_abbrev  0x00000076       0x9e /usr/lib/gcc/arm-none-eabi/14.2.0/../../../../arm-none-eabi/lib/thumb/v6-m/nofp/libc_nano.a(libc_a-memset.o)

.debug_aranges  0x00000000       0x80
 .debug_aranges
                0x00000000       0x20 /usr/lib/gcc/arm-none-eabi/14.2.0/thumb/v6-m/nofp/libgcc.a(_thumb1_case_sqi.o)
 .debug_aranges
                0x00000020       0x20 /usr/lib/gcc/arm-none-eabi/14.2.0/thumb/v6-m/nofp/libgcc.a(_udivsi3.o)
 .debug_aranges
                0x00000040       0x20 /usr/lib/gcc/arm-none-eabi/14.2.0/thumb/v6-m/nofp/libgcc.a(_dvmd_tls.o)
 .debug_aranges
                0x00000060       0x20 /usr/lib/gcc/arm-none-eabi/14.2.0/../../../../arm-none-eabi/lib/thumb/v6-m/nofp/libc_nano.a(libc_a-memset.o)

.debug_str      0x00000000      0x24c
 .debug_str     0x00000000      0x24c /usr/lib/gcc/arm-none-eabi/14.2.0/thumb/v6-m/nofp/libgcc.a(_thumb1_case_sqi.o)
                                 0x96 (size before relaxing)
 .debug_str     0x0000024c       0x9b /usr/lib/gcc/arm-none-eabi/14.2.0/thumb/v6-m/nofp/libgcc.a(_udivsi3.o)
 .debug_str     0x0000024c       0x9c /usr/lib/gcc/arm-none-eabi/14.2.0/thumb/v6-m/nofp/libgcc.a(_dvmd_tls.o)
 .debug_str     0x0000024c      0x1b8 /usr/lib/gcc/arm-none-eabi/14.2.0/../../../../arm-none-eabi/lib/thumb/v6-m/nofp/libc_nano.a(libc_a-memset.o)

.debug_frame    0x00000000       0x40
 .debug_frame   0x00000000       0x20 /usr/lib/gcc/arm-none-eabi/14.2.0/thumb/v6-m/nofp/libgcc.a(_udivsi3.o)
 .debug_frame   0x00000020       0x20 /usr/lib/gcc/arm-none-eabi/14.2.0/../../../../arm-none-eabi/lib/thumb/v6-m/nofp/libc_nano.a(libc_a-memset.o)

.debug_loclists
                0x00000000       0x80
 .debug_loclists
                0x00000000       0x80 /usr/lib/gcc/arm-none-eabi/14.2.0/../../../../arm-none-eabi/lib/thumb/v6-m/nofp/libc_nano.a(libc_a-memset.o)

.debug_rnglists
                0x00000000       0x13
 .debug_rnglists
                0x00000000       0x13 /usr/lib/gcc/arm-none-eabi/14.2.0/../../../../arm-none-eabi/lib/thumb/v6-m/nofp/libc_nano.a(libc_a-memset.o)
